10.0.200-preview.0.26103.119 [C:\Program Files\dotnet\sdk]
dotnet : The command could not be loaded, possibly because:
No linha:1 caractere:39
+ ... plates\Product.Template; dotnet build 2>&1 > build-output.txt; Get-Co ...
+                              ~~~~~~~~~~~~~~~~~~~~~~~~~~~~~~~~~~~~
    + CategoryInfo          : NotSpecified: (The command cou...ssibly because::String) [], RemoteException
    + FullyQualifiedErrorId : NativeCommandError
 
  * You intended to execute a .NET application:
      The application 'build' does not exist or is not a managed .dll or .exe.
  * You intended to execute a .NET SDK command:
      A compatible .NET SDK was not found.

Requested SDK version: 10.0.100
global.json file: C:\www\Templates\Product.Template\global.json

Installed SDKs:

Install the [10.0.100] .NET SDK or update [C:\www\Templates\Product.Template\global.json] to match an installed SDK.

Learn about SDK resolution:
https://aka.ms/dotnet/sdk-not-found
